<policies>
  <policy>
    <policy-number>A100001</policy-number>
    <maturity-value>14980</maturity-value>
  </policy>
  <policy>
    <policy-number>A100002</policy-number>
    <maturity-value>16671.88</maturity-value>
  </policy>
  <policy>
    <policy-number>A100003</policy-number>
    <maturity-value>23277.35</maturity-value>
  </policy>
  <policy>
    <policy-number>B100001</policy-number>
    <maturity-value>18894</maturity-value>
  </policy>
  <policy>
    <policy-number>B100002</policy-number>
    <maturity-value>24453</maturity-value>
  </policy>
  <policy>
    <policy-number>B100003</policy-number>
    <maturity-value>33350</maturity-value>
  </policy>
  <policy>
    <policy-number>C100001</policy-number>
    <maturity-value>17167.8</maturity-value>
  </policy>
  <policy>
    <policy-number>C100002</policy-number>
    <maturity-value>20088</maturity-value>
  </policy>
  <policy>
    <policy-number>C100003</policy-number>
    <maturity-value>27462.6</maturity-value>
  </policy>
</policies>